// Jest Snapshot v1, https://goo.gl/fbAQLP

exports[`Image Render should render correctly 1`] = `
<span
  style={
    {
      "background": "none",
      "border": 0,
      "bottom": 0,
      "boxSizing": "border-box",
      "display": "block",
      "height": "initial",
      "left": 0,
      "margin": 0,
      "opacity": 1,
      "overflow": "hidden",
      "padding": 0,
      "position": "absolute",
      "right": 0,
      "top": 0,
      "width": "initial",
    }
  }
>
  <img
    alt="background"
    data-nimg="fill"
    data-testid="NextImage"
    decoding="async"
    onError={[Function]}
    onLoad={[Function]}
    src="data:image/gif;base64,R0lGODlhAQABAIAAAAAAAP///yH5BAEAAAAALAAAAAABAAEAAAIBRAA7"
    style={
      {
        "border": "none",
        "bottom": 0,
        "boxSizing": "border-box",
        "display": "block",
        "height": 0,
        "left": 0,
        "margin": "auto",
        "maxHeight": "100%",
        "maxWidth": "100%",
        "minHeight": "100%",
        "minWidth": "100%",
        "objectFit": undefined,
        "objectPosition": undefined,
        "padding": 0,
        "position": "absolute",
        "right": 0,
        "top": 0,
        "width": 0,
      }
    }
  />
  <noscript>
    <img
      alt="background"
      data-nimg="fill"
      data-testid="NextImage"
      decoding="async"
      loading="lazy"
      sizes="100vw"
      src="/_next/image?url=https%3A%2F%2Fpicsum.photos%2F200&w=3840&q=100"
      srcSet="/_next/image?url=https%3A%2F%2Fpicsum.photos%2F200&w=640&q=100 640w, /_next/image?url=https%3A%2F%2Fpicsum.photos%2F200&w=750&q=100 750w, /_next/image?url=https%3A%2F%2Fpicsum.photos%2F200&w=828&q=100 828w, /_next/image?url=https%3A%2F%2Fpicsum.photos%2F200&w=1080&q=100 1080w, /_next/image?url=https%3A%2F%2Fpicsum.photos%2F200&w=1200&q=100 1200w, /_next/image?url=https%3A%2F%2Fpicsum.photos%2F200&w=1920&q=100 1920w, /_next/image?url=https%3A%2F%2Fpicsum.photos%2F200&w=2048&q=100 2048w, /_next/image?url=https%3A%2F%2Fpicsum.photos%2F200&w=3840&q=100 3840w"
      style={
        {
          "border": "none",
          "bottom": 0,
          "boxSizing": "border-box",
          "display": "block",
          "height": 0,
          "left": 0,
          "margin": "auto",
          "maxHeight": "100%",
          "maxWidth": "100%",
          "minHeight": "100%",
          "minWidth": "100%",
          "objectFit": undefined,
          "objectPosition": undefined,
          "padding": 0,
          "position": "absolute",
          "right": 0,
          "top": 0,
          "width": 0,
        }
      }
    />
  </noscript>
</span>
`;
